// Jest Snapshot v1, https://goo.gl/fbAQLP

exports[`<Home/> renders hello page correctly 1`] = `
<DocumentFragment>
  <div
    data-testid="homePage"
  >
    <div
      data-testid="homeBanner"
    />
    <div
      class="home_page"
      data-testid="homeProducts"
    />
  </div>
</DocumentFragment>
`;
